"filterList":[{"filterId":"1"},{"filterId":"2"},{"filterId":"7"},{"filterId":"8"}]