{"entity_suggest":{"output":"VNFs","input":["VNFs","generic-vnfs"],"payload":{},"weight":100}}